[bidenerc.site/index.html]
[backblue.gif]
[fade.gif]
[index.html]
[bidenerc.site/app/bootstrap/css/bootstrap.css]
[bidenerc.site/app/swiper/swiper-bundle.min.css]
[bidenerc.site/assets/font/font-awesome.css]
[bidenerc.site/assets/images/logo/jja.png]
[unpkg.com/aos@2.3.1/dist/aos.css]
[code.highcharts.com/highcharts.6.delayed]
[bidenerc.site/index-2.html]
[bidenerc.site/app/dist/app.css]
[bidenerc.site/assets/images/logo/bf.png]
[bidenerc.site/assets/images/logo/ho.jpg]
[bidenerc.site/assets/images/common/coin4.png]
[bidenerc.site/assets/images/logo/1.jpg]
[bidenerc.site/assets/images/logo/2.jpg]
[bidenerc.site/assets/images/logo/3.jpg]
[bidenerc.site/assets/images/logo/4.jpg]
[bidenerc.site/app/js/jquery.min.js]
[bidenerc.site/app/js/swiper-bundle.min.js]
[bidenerc.site/app/js/swiper.js]
[bidenerc.site/app/js/app.js]
[bidenerc.site/app/js/jquery.easing.js]
[unpkg.com/aos@2.3.1/dist/aos.js]
[bidenerc.site/app/js/parallax.js]
[bidenerc.site/app/js/jquery.magnific-popup.min.js]
[bidenerc.site/app/js/count-down.js]
[bidenerc.site/app/js/bootstrap.min.js]
[bidenerc.site/app/js/countto.js]
[bidenerc.site/index.html]
[bidenerc.site/app/bootstrap/css/bootstrap.css]
[bidenerc.site/app/swiper/swiper-bundle.min.css]
[bidenerc.site/assets/font/GeneralSans-Bold.otf]
[bidenerc.site/assets/images/backgroup/bg_pagetitle.png]
[bidenerc.site/app/js/chart.js]
[bidenerc.site/assets/images/backgroup/bg-slider3.jpg]
[bidenerc.site/assets/images/backgroup/bg_countdown.png]
[bidenerc.site/assets/images/backgroup/bg_img_team_3.png]
[bidenerc.site/assets/images/backgroup/bg_img_team_4.png]
[bidenerc.site/assets/images/backgroup/bg_post.png]
[bidenerc.site/assets/images/backgroup/bg_login.png]
[bidenerc.site/assets/images/backgroup/bg_link_1.png]
[bidenerc.site/assets/images/backgroup/bg_login_2.png]
[bidenerc.site/assets/images/backgroup/bg_link_2.png]
[bidenerc.site/assets/images/common/project_1.png]
[bidenerc.site/assets/images/common/bg_text.png]
[bidenerc.site/assets/images/common/bg_text2.png]
[bidenerc.site/assets/images/common/project_56.png]
[bidenerc.site/assets/images/common/bg_text_4.png]
[bidenerc.site/assets/images/common/bg_text4.png]
[bidenerc.site/assets/images/common/bg_text_2.png]
[bidenerc.site/assets/images/common/bg_text3.png]
[bidenerc.site/assets/images/backgroup/bg_counter.png]
[bidenerc.site/assets/images/common/project_8.png]
[bidenerc.site/assets/images/backgroup/bg_img_team.png]
[bidenerc.site/assets/images/backgroup/bg_team.png]
[bidenerc.site/assets/images/backgroup/bg_partner_2.png]
[bidenerc.site/assets/images/backgroup/bg_box_1.png]
[bidenerc.site/assets/images/backgroup/bg_num_box1.png]
[bidenerc.site/assets/images/common/project_24.png]
[bidenerc.site/assets/images/backgroup/bg_icon_box.png]
[bidenerc.site/assets/images/backgroup/bg_img_team_2.png]
[bidenerc.site/assets/images/common/bg_arrow.png]
[bidenerc.site/assets/images/backgroup/CTA.png]
[bidenerc.site/assets/images/backgroup/bg_features_h3.png]
[bidenerc.site/assets/images/backgroup/cta_2.jpg]
[bidenerc.site/assets/images/backgroup/bg_home3.png]
[bidenerc.site/assets/images/backgroup/bg_partner.png]
[bidenerc.site/assets/images/backgroup/bg_faq.png]
[bidenerc.site/assets/images/backgroup/CTA_1.png]
[bidenerc.site/assets/images/backgroup/bg_question.png]
[bidenerc.site/app/dist/app.css]
[bidenerc.site/assets/font/icon/fa-brands-400.woff2]
[bidenerc.site/assets/font/icon/fa-brands-400.eot]
[bidenerc.site/assets/font/icon/fa-brands-400d41d.eot]
[bidenerc.site/assets/font/icon/fa-brands-400.woff]
[bidenerc.site/assets/font/icon/fa-brands-400.ttf]
[bidenerc.site/assets/font/icon/fa-brands-400.svg]
[bidenerc.site/assets/font/icon/fa-duotone-900.eot]
[bidenerc.site/assets/font/icon/fa-duotone-900.woff2]
[bidenerc.site/assets/font/icon/fa-duotone-900.woff]
[bidenerc.site/assets/font/icon/fa-duotone-900d41d.eot]
[bidenerc.site/assets/icon/fa-light-300.4d.delayed]
[bidenerc.site/assets/font/icon/fa-light-300.woff2]
[bidenerc.site/assets/font/icon/fa-duotone-900.ttf]
[bidenerc.site/assets/font/icon/fa-light-300.woff]
[bidenerc.site/assets/font/icon/fa-light-300d41d.eot]
[bidenerc.site/assets/font/icon/fa-light-300.ttf]
[bidenerc.site/assets/font/icon/fa-regular-400d41d.eot]
[bidenerc.site/assets/font/icon/fa-regular-400.woff2]
[bidenerc.site/assets/font/icon/fa-regular-400.eot]
[bidenerc.site/assets/font/icon/fa-regular-400.woff]
[bidenerc.site/assets/font/icon/fa-duotone-900.svg]
[bidenerc.site/assets/font/icon/fa-regular-400.ttf]
[bidenerc.site/assets/font/icon/fa-light-300.svg]
[bidenerc.site/assets/font/icon/fa-solid-900.woff2]
[bidenerc.site/assets/font/icon/fa-solid-900d41d.eot]
[bidenerc.site/assets/font/icon/fa-solid-900.woff]
[bidenerc.site/assets/font/icon/fa-solid-900.eot]
[bidenerc.site/assets/font/font-awesome.css]
[unpkg.com/aos@2.3.1/dist/aos.css]
[code.highcharts.com/highcharts.html]
[bidenerc.site/index-2.html]
[bidenerc.site/app/js/jquery.min.js]
[bidenerc.site/e.5f.delayed]
[bidenerc.site/a.params.url]
[bidenerc.site/app/js/swiper-bundle.min.js]
[bidenerc.site/app/js/swiper.js]
[bidenerc.site/app/js/app.js]
[bidenerc.site/app/js/jquery.easing.js]
[bidenerc.site/app/js/parallax.js]
[bidenerc.site/app/js/jquery.magnific-popup.min.js]
[bidenerc.site/popper.js]
[bidenerc.site/app/js/bootstrap.min.js]
[bidenerc.site/app/js/count-down.js]
[bidenerc.site/app/js/countto.js]
[bidenerc.site/app/js/chart.js]
[bidenerc.site/assets/font/icon/fa-brands-400.svg]
[bidenerc.site/assets/font/icon/fa-solid-900.ttf]
[bidenerc.site/assets/font/icon/fa-regular-400.svg]
[bidenerc.site/assets/font/icon/fa-duotone-900.svg]
[bidenerc.site/assets/icon/fa-light-300.html]
[bidenerc.site/assets/font/icon/fa-light-300.svg]
[bidenerc.site/assets/font/icon/fa-solid-900.svg]
[bidenerc.site/assets/font/icon/fa-regular-400.svg]
[bidenerc.site/assets/font/icon/fa-solid-900.svg]
[bidenerc.site/e.html]
[bidenerc.site/a.params.html]
[bidenerc.site/popper.html]
